// Jest Snapshot v1, https://goo.gl/fbAQLP

exports[`Tabs test with TabPanel should be actived by \`value\` property 1`] = `
<div
  data-testid="test-wrapper"
>
  <div
    class="bui-tabs"
  >
    <div
      class="bui-tabs-mask bui-tabs-mask-left"
      style="opacity: 0;"
    />
    <div
      class="bui-tabs-mask bui-tabs-mask-right"
      style="opacity: 0;"
    />
    <div
      class="bui-tabs-tabs"
    >
      <div
        class="bui-tabs-tabline"
        style="transform: translate3d(0px, 0px, 0px); transition: transform 0.25s ease-in-out;"
      />
      <div
        class="bui-tab bui-tab-center"
      >
        水果
      </div>
      <div
        class="bui-tab bui-tab-center bui-tab-active"
      >
        蔬菜
      </div>
      <div
        class="bui-tab bui-tab-center"
      >
        动物
      </div>
    </div>
  </div>
  <div
    class="bui-tabpanel bui-tabpanel-inactive"
  />
  <div
    class="bui-tabpanel bui-tabpanel-active"
  >
    西红柿
  </div>
  <div
    class="bui-tabpanel bui-tabpanel-inactive"
  />
</div>
`;
