// Jest Snapshot v1, https://goo.gl/fbAQLP

exports[`Calendar range mode value should be a range date 1`] = `
<div
  class="bui-calendar"
  data-end="20230422"
  data-mode="range"
  data-start="20230418"
>
  <div
    class="bui-calendar-handler"
  >
    <div
      class="bui-calendar-handler-btn"
    >
      <svg
        class="bui-svg-icon bui-calendar-handler-btn-icon"
        color="#cccccc"
        focusable="false"
        viewBox="0 0 96 96"
      >
        <path
          d="M37.9 46c-.2.1-.3.3-.5.5-.8 1.1-.6 2.6.5 3.4l17.3 13.5c.4.3.9.5 1.4.5 1.3 0 2.4-1.1 2.4-2.5V34.5c0-.5-.2-1.1-.5-1.5-.8-1.1-2.3-1.3-3.3-.5L37.9 46z"
        />
      </svg>
    </div>
    <div
      class="bui-calendar-handler-text"
    >
      2023/04
    </div>
    <div
      class="bui-calendar-handler-btn"
    >
      <svg
        class="bui-svg-icon bui-calendar-handler-btn-icon"
        focusable="false"
        viewBox="0 0 96 96"
      >
        <path
          d="M58.1 46c.2.1.3.3.5.5.8 1.1.6 2.6-.5 3.4L40.8 63.5c-.4.3-.9.5-1.4.5-1.3 0-2.4-1.1-2.4-2.5v-27c0-.5.2-1.1.5-1.5.8-1.1 2.3-1.3 3.3-.5L58.1 46z"
        />
      </svg>
    </div>
  </div>
  <div
    class="bui-calendar-week"
  >
    <div
      class="bui-calendar-week-item"
    >
      日
    </div>
    <div
      class="bui-calendar-week-item"
    >
      一
    </div>
    <div
      class="bui-calendar-week-item"
    >
      二
    </div>
    <div
      class="bui-calendar-week-item"
    >
      三
    </div>
    <div
      class="bui-calendar-week-item"
    >
      四
    </div>
    <div
      class="bui-calendar-week-item"
    >
      五
    </div>
    <div
      class="bui-calendar-week-item"
    >
      六
    </div>
  </div>
  <div
    class="bui-calendar-month"
  >
    <div
      class="bui-calendar-day-box"
    >
      <div
        class="bui-calendar-day bui-calendar-disabled"
      >
        26
      </div>
    </div>
    <div
      class="bui-calendar-day-box"
    >
      <div
        class="bui-calendar-day bui-calendar-disabled"
      >
        27
      </div>
    </div>
    <div
      class="bui-calendar-day-box"
    >
      <div
        class="bui-calendar-day bui-calendar-disabled"
      >
        28
      </div>
    </div>
    <div
      class="bui-calendar-day-box"
    >
      <div
        class="bui-calendar-day bui-calendar-disabled"
      >
        29
      </div>
    </div>
    <div
      class="bui-calendar-day-box"
    >
      <div
        class="bui-calendar-day bui-calendar-disabled"
      >
        30
      </div>
    </div>
    <div
      class="bui-calendar-day-box"
    >
      <div
        class="bui-calendar-day bui-calendar-disabled"
      >
        31
      </div>
    </div>
    <div
      class="bui-calendar-day-box"
    >
      <div
        class="bui-calendar-day"
      >
        1
      </div>
    </div>
    <div
      class="bui-calendar-day-box"
    >
      <div
        class="bui-calendar-day"
      >
        2
      </div>
    </div>
    <div
      class="bui-calendar-day-box"
    >
      <div
        class="bui-calendar-day"
      >
        3
      </div>
    </div>
    <div
      class="bui-calendar-day-box"
    >
      <div
        class="bui-calendar-day"
      >
        4
      </div>
    </div>
    <div
      class="bui-calendar-day-box"
    >
      <div
        class="bui-calendar-day"
      >
        5
      </div>
    </div>
    <div
      class="bui-calendar-day-box"
    >
      <div
        class="bui-calendar-day"
      >
        6
      </div>
    </div>
    <div
      class="bui-calendar-day-box"
    >
      <div
        class="bui-calendar-day"
      >
        7
      </div>
    </div>
    <div
      class="bui-calendar-day-box"
    >
      <div
        class="bui-calendar-day"
      >
        8
      </div>
    </div>
    <div
      class="bui-calendar-day-box"
    >
      <div
        class="bui-calendar-day"
      >
        9
      </div>
    </div>
    <div
      class="bui-calendar-day-box"
    >
      <div
        class="bui-calendar-day"
      >
        10
      </div>
    </div>
    <div
      class="bui-calendar-day-box"
    >
      <div
        class="bui-calendar-day"
      >
        11
      </div>
    </div>
    <div
      class="bui-calendar-day-box"
    >
      <div
        class="bui-calendar-day"
      >
        12
      </div>
    </div>
    <div
      class="bui-calendar-day-box"
    >
      <div
        class="bui-calendar-day"
      >
        13
      </div>
    </div>
    <div
      class="bui-calendar-day-box"
    >
      <div
        class="bui-calendar-day"
      >
        14
      </div>
    </div>
    <div
      class="bui-calendar-day-box"
    >
      <div
        class="bui-calendar-day"
      >
        15
      </div>
    </div>
    <div
      class="bui-calendar-day-box"
    >
      <div
        class="bui-calendar-day"
      >
        16
      </div>
    </div>
    <div
      class="bui-calendar-day-box"
    >
      <div
        class="bui-calendar-day"
      >
        17
      </div>
    </div>
    <div
      class="bui-calendar-day-box"
    >
      <div
        class="bui-calendar-day bui-calendar-start bui-calendar-range"
      >
        18
      </div>
    </div>
    <div
      class="bui-calendar-day-box"
    >
      <div
        class="bui-calendar-day bui-calendar-middle"
      >
        19
      </div>
    </div>
    <div
      class="bui-calendar-day-box"
    >
      <div
        class="bui-calendar-day bui-calendar-middle"
      >
        20
      </div>
    </div>
    <div
      class="bui-calendar-day-box"
    >
      <div
        class="bui-calendar-day bui-calendar-middle"
      >
        21
      </div>
    </div>
    <div
      class="bui-calendar-day-box"
    >
      <div
        class="bui-calendar-day bui-calendar-end"
      >
        22
      </div>
    </div>
    <div
      class="bui-calendar-day-box"
    >
      <div
        class="bui-calendar-day"
      >
        23
      </div>
    </div>
    <div
      class="bui-calendar-day-box"
    >
      <div
        class="bui-calendar-day"
      >
        24
      </div>
    </div>
    <div
      class="bui-calendar-day-box"
    >
      <div
        class="bui-calendar-day"
      >
        25
      </div>
    </div>
    <div
      class="bui-calendar-day-box"
    >
      <div
        class="bui-calendar-day"
      >
        26
      </div>
    </div>
    <div
      class="bui-calendar-day-box"
    >
      <div
        class="bui-calendar-day"
      >
        27
      </div>
    </div>
    <div
      class="bui-calendar-day-box"
    >
      <div
        class="bui-calendar-day"
      >
        28
      </div>
    </div>
    <div
      class="bui-calendar-day-box"
    >
      <div
        class="bui-calendar-day"
      >
        29
      </div>
    </div>
    <div
      class="bui-calendar-day-box"
    >
      <div
        class="bui-calendar-day"
      >
        30
      </div>
    </div>
    <div
      class="bui-calendar-day-box"
    >
      <div
        class="bui-calendar-day bui-calendar-disabled"
      >
        1
      </div>
    </div>
    <div
      class="bui-calendar-day-box"
    >
      <div
        class="bui-calendar-day bui-calendar-disabled"
      >
        2
      </div>
    </div>
    <div
      class="bui-calendar-day-box"
    >
      <div
        class="bui-calendar-day bui-calendar-disabled"
      >
        3
      </div>
    </div>
    <div
      class="bui-calendar-day-box"
    >
      <div
        class="bui-calendar-day bui-calendar-disabled"
      >
        4
      </div>
    </div>
    <div
      class="bui-calendar-day-box"
    >
      <div
        class="bui-calendar-day bui-calendar-disabled"
      >
        5
      </div>
    </div>
    <div
      class="bui-calendar-day-box"
    >
      <div
        class="bui-calendar-day bui-calendar-disabled"
      >
        6
      </div>
    </div>
  </div>
</div>
`;

exports[`Calendar should not fill last or next month 1`] = `
<div
  class="bui-calendar"
  data-end="Invalid Date"
  data-mode="range"
  data-start="Invalid Date"
>
  <div
    class="bui-calendar-handler"
  >
    <div
      class="bui-calendar-handler-btn"
    >
      <svg
        class="bui-svg-icon bui-calendar-handler-btn-icon"
        color="#cccccc"
        focusable="false"
        viewBox="0 0 96 96"
      >
        <path
          d="M37.9 46c-.2.1-.3.3-.5.5-.8 1.1-.6 2.6.5 3.4l17.3 13.5c.4.3.9.5 1.4.5 1.3 0 2.4-1.1 2.4-2.5V34.5c0-.5-.2-1.1-.5-1.5-.8-1.1-2.3-1.3-3.3-.5L37.9 46z"
        />
      </svg>
    </div>
    <div
      class="bui-calendar-handler-text"
    >
      2023/04
    </div>
    <div
      class="bui-calendar-handler-btn"
    >
      <svg
        class="bui-svg-icon bui-calendar-handler-btn-icon"
        focusable="false"
        viewBox="0 0 96 96"
      >
        <path
          d="M58.1 46c.2.1.3.3.5.5.8 1.1.6 2.6-.5 3.4L40.8 63.5c-.4.3-.9.5-1.4.5-1.3 0-2.4-1.1-2.4-2.5v-27c0-.5.2-1.1.5-1.5.8-1.1 2.3-1.3 3.3-.5L58.1 46z"
        />
      </svg>
    </div>
  </div>
  <div
    class="bui-calendar-week"
  >
    <div
      class="bui-calendar-week-item"
    >
      日
    </div>
    <div
      class="bui-calendar-week-item"
    >
      一
    </div>
    <div
      class="bui-calendar-week-item"
    >
      二
    </div>
    <div
      class="bui-calendar-week-item"
    >
      三
    </div>
    <div
      class="bui-calendar-week-item"
    >
      四
    </div>
    <div
      class="bui-calendar-week-item"
    >
      五
    </div>
    <div
      class="bui-calendar-week-item"
    >
      六
    </div>
  </div>
  <div
    class="bui-calendar-month"
  >
    <div
      class="bui-calendar-day-box"
    >
      <div
        class="bui-calendar-day bui-calendar-disabled"
      />
    </div>
    <div
      class="bui-calendar-day-box"
    >
      <div
        class="bui-calendar-day bui-calendar-disabled"
      />
    </div>
    <div
      class="bui-calendar-day-box"
    >
      <div
        class="bui-calendar-day bui-calendar-disabled"
      />
    </div>
    <div
      class="bui-calendar-day-box"
    >
      <div
        class="bui-calendar-day bui-calendar-disabled"
      />
    </div>
    <div
      class="bui-calendar-day-box"
    >
      <div
        class="bui-calendar-day bui-calendar-disabled"
      />
    </div>
    <div
      class="bui-calendar-day-box"
    >
      <div
        class="bui-calendar-day bui-calendar-disabled"
      />
    </div>
    <div
      class="bui-calendar-day-box"
    >
      <div
        class="bui-calendar-day"
      >
        1
      </div>
    </div>
    <div
      class="bui-calendar-day-box"
    >
      <div
        class="bui-calendar-day"
      >
        2
      </div>
    </div>
    <div
      class="bui-calendar-day-box"
    >
      <div
        class="bui-calendar-day"
      >
        3
      </div>
    </div>
    <div
      class="bui-calendar-day-box"
    >
      <div
        class="bui-calendar-day"
      >
        4
      </div>
    </div>
    <div
      class="bui-calendar-day-box"
    >
      <div
        class="bui-calendar-day"
      >
        5
      </div>
    </div>
    <div
      class="bui-calendar-day-box"
    >
      <div
        class="bui-calendar-day"
      >
        6
      </div>
    </div>
    <div
      class="bui-calendar-day-box"
    >
      <div
        class="bui-calendar-day"
      >
        7
      </div>
    </div>
    <div
      class="bui-calendar-day-box"
    >
      <div
        class="bui-calendar-day"
      >
        8
      </div>
    </div>
    <div
      class="bui-calendar-day-box"
    >
      <div
        class="bui-calendar-day"
      >
        9
      </div>
    </div>
    <div
      class="bui-calendar-day-box"
    >
      <div
        class="bui-calendar-day"
      >
        10
      </div>
    </div>
    <div
      class="bui-calendar-day-box"
    >
      <div
        class="bui-calendar-day"
      >
        11
      </div>
    </div>
    <div
      class="bui-calendar-day-box"
    >
      <div
        class="bui-calendar-day"
      >
        12
      </div>
    </div>
    <div
      class="bui-calendar-day-box"
    >
      <div
        class="bui-calendar-day"
      >
        13
      </div>
    </div>
    <div
      class="bui-calendar-day-box"
    >
      <div
        class="bui-calendar-day"
      >
        14
      </div>
    </div>
    <div
      class="bui-calendar-day-box"
    >
      <div
        class="bui-calendar-day"
      >
        15
      </div>
    </div>
    <div
      class="bui-calendar-day-box"
    >
      <div
        class="bui-calendar-day"
      >
        16
      </div>
    </div>
    <div
      class="bui-calendar-day-box"
    >
      <div
        class="bui-calendar-day"
      >
        17
      </div>
    </div>
    <div
      class="bui-calendar-day-box"
    >
      <div
        class="bui-calendar-day"
      >
        18
      </div>
    </div>
    <div
      class="bui-calendar-day-box"
    >
      <div
        class="bui-calendar-day"
      >
        19
      </div>
    </div>
    <div
      class="bui-calendar-day-box"
    >
      <div
        class="bui-calendar-day"
      >
        20
      </div>
    </div>
    <div
      class="bui-calendar-day-box"
    >
      <div
        class="bui-calendar-day"
      >
        21
      </div>
    </div>
    <div
      class="bui-calendar-day-box"
    >
      <div
        class="bui-calendar-day"
      >
        22
      </div>
    </div>
    <div
      class="bui-calendar-day-box"
    >
      <div
        class="bui-calendar-day"
      >
        23
      </div>
    </div>
    <div
      class="bui-calendar-day-box"
    >
      <div
        class="bui-calendar-day"
      >
        24
      </div>
    </div>
    <div
      class="bui-calendar-day-box"
    >
      <div
        class="bui-calendar-day"
      >
        25
      </div>
    </div>
    <div
      class="bui-calendar-day-box"
    >
      <div
        class="bui-calendar-day"
      >
        26
      </div>
    </div>
    <div
      class="bui-calendar-day-box"
    >
      <div
        class="bui-calendar-day"
      >
        27
      </div>
    </div>
    <div
      class="bui-calendar-day-box"
    >
      <div
        class="bui-calendar-day"
      >
        28
      </div>
    </div>
    <div
      class="bui-calendar-day-box"
    >
      <div
        class="bui-calendar-day"
      >
        29
      </div>
    </div>
    <div
      class="bui-calendar-day-box"
    >
      <div
        class="bui-calendar-day"
      >
        30
      </div>
    </div>
    <div
      class="bui-calendar-day-box"
    >
      <div
        class="bui-calendar-day bui-calendar-disabled"
      />
    </div>
    <div
      class="bui-calendar-day-box"
    >
      <div
        class="bui-calendar-day bui-calendar-disabled"
      />
    </div>
    <div
      class="bui-calendar-day-box"
    >
      <div
        class="bui-calendar-day bui-calendar-disabled"
      />
    </div>
    <div
      class="bui-calendar-day-box"
    >
      <div
        class="bui-calendar-day bui-calendar-disabled"
      />
    </div>
    <div
      class="bui-calendar-day-box"
    >
      <div
        class="bui-calendar-day bui-calendar-disabled"
      />
    </div>
    <div
      class="bui-calendar-day-box"
    >
      <div
        class="bui-calendar-day bui-calendar-disabled"
      />
    </div>
  </div>
</div>
`;

exports[`Calendar should render disabled date by \`disabledDate\` property 1`] = `
<div
  class="bui-calendar"
  data-mode="single"
  data-selected="20230401"
>
  <div
    class="bui-calendar-handler"
  >
    <div
      class="bui-calendar-handler-btn"
    >
      <svg
        class="bui-svg-icon bui-calendar-handler-btn-icon"
        color="#cccccc"
        focusable="false"
        viewBox="0 0 96 96"
      >
        <path
          d="M37.9 46c-.2.1-.3.3-.5.5-.8 1.1-.6 2.6.5 3.4l17.3 13.5c.4.3.9.5 1.4.5 1.3 0 2.4-1.1 2.4-2.5V34.5c0-.5-.2-1.1-.5-1.5-.8-1.1-2.3-1.3-3.3-.5L37.9 46z"
        />
      </svg>
    </div>
    <div
      class="bui-calendar-handler-text"
    >
      2023/04
    </div>
    <div
      class="bui-calendar-handler-btn"
    >
      <svg
        class="bui-svg-icon bui-calendar-handler-btn-icon"
        color="#cccccc"
        focusable="false"
        viewBox="0 0 96 96"
      >
        <path
          d="M58.1 46c.2.1.3.3.5.5.8 1.1.6 2.6-.5 3.4L40.8 63.5c-.4.3-.9.5-1.4.5-1.3 0-2.4-1.1-2.4-2.5v-27c0-.5.2-1.1.5-1.5.8-1.1 2.3-1.3 3.3-.5L58.1 46z"
        />
      </svg>
    </div>
  </div>
  <div
    class="bui-calendar-week"
  >
    <div
      class="bui-calendar-week-item"
    >
      日
    </div>
    <div
      class="bui-calendar-week-item"
    >
      一
    </div>
    <div
      class="bui-calendar-week-item"
    >
      二
    </div>
    <div
      class="bui-calendar-week-item"
    >
      三
    </div>
    <div
      class="bui-calendar-week-item"
    >
      四
    </div>
    <div
      class="bui-calendar-week-item"
    >
      五
    </div>
    <div
      class="bui-calendar-week-item"
    >
      六
    </div>
  </div>
  <div
    class="bui-calendar-month"
  >
    <div
      class="bui-calendar-day-box"
    >
      <div
        class="bui-calendar-day bui-calendar-disabled"
      />
    </div>
    <div
      class="bui-calendar-day-box"
    >
      <div
        class="bui-calendar-day bui-calendar-disabled"
      />
    </div>
    <div
      class="bui-calendar-day-box"
    >
      <div
        class="bui-calendar-day bui-calendar-disabled"
      />
    </div>
    <div
      class="bui-calendar-day-box"
    >
      <div
        class="bui-calendar-day bui-calendar-disabled"
      />
    </div>
    <div
      class="bui-calendar-day-box"
    >
      <div
        class="bui-calendar-day bui-calendar-disabled"
      />
    </div>
    <div
      class="bui-calendar-day-box"
    >
      <div
        class="bui-calendar-day bui-calendar-disabled"
      />
    </div>
    <div
      class="bui-calendar-day-box"
    >
      <div
        class="bui-calendar-day bui-calendar-disabled"
      >
        1
      </div>
    </div>
    <div
      class="bui-calendar-day-box"
    >
      <div
        class="bui-calendar-day"
      >
        2
      </div>
    </div>
    <div
      class="bui-calendar-day-box"
    >
      <div
        class="bui-calendar-day"
      >
        3
      </div>
    </div>
    <div
      class="bui-calendar-day-box"
    >
      <div
        class="bui-calendar-day"
      >
        4
      </div>
    </div>
    <div
      class="bui-calendar-day-box"
    >
      <div
        class="bui-calendar-day"
      >
        5
      </div>
    </div>
    <div
      class="bui-calendar-day-box"
    >
      <div
        class="bui-calendar-day"
      >
        6
      </div>
    </div>
    <div
      class="bui-calendar-day-box"
    >
      <div
        class="bui-calendar-day"
      >
        7
      </div>
    </div>
    <div
      class="bui-calendar-day-box"
    >
      <div
        class="bui-calendar-day"
      >
        8
      </div>
    </div>
    <div
      class="bui-calendar-day-box"
    >
      <div
        class="bui-calendar-day"
      >
        9
      </div>
    </div>
    <div
      class="bui-calendar-day-box"
    >
      <div
        class="bui-calendar-day"
      >
        10
      </div>
    </div>
    <div
      class="bui-calendar-day-box"
    >
      <div
        class="bui-calendar-day"
      >
        11
      </div>
    </div>
    <div
      class="bui-calendar-day-box"
    >
      <div
        class="bui-calendar-day"
      >
        12
      </div>
    </div>
    <div
      class="bui-calendar-day-box"
    >
      <div
        class="bui-calendar-day bui-calendar-disabled"
      >
        13
      </div>
    </div>
    <div
      class="bui-calendar-day-box"
    >
      <div
        class="bui-calendar-day"
      >
        14
      </div>
    </div>
    <div
      class="bui-calendar-day-box"
    >
      <div
        class="bui-calendar-day"
      >
        15
      </div>
    </div>
    <div
      class="bui-calendar-day-box"
    >
      <div
        class="bui-calendar-day"
      >
        16
      </div>
    </div>
    <div
      class="bui-calendar-day-box"
    >
      <div
        class="bui-calendar-day"
      >
        17
      </div>
    </div>
    <div
      class="bui-calendar-day-box"
    >
      <div
        class="bui-calendar-day"
      >
        18
      </div>
    </div>
    <div
      class="bui-calendar-day-box"
    >
      <div
        class="bui-calendar-day"
      >
        19
      </div>
    </div>
    <div
      class="bui-calendar-day-box"
    >
      <div
        class="bui-calendar-day"
      >
        20
      </div>
    </div>
    <div
      class="bui-calendar-day-box"
    >
      <div
        class="bui-calendar-day"
      >
        21
      </div>
    </div>
    <div
      class="bui-calendar-day-box"
    >
      <div
        class="bui-calendar-day"
      >
        22
      </div>
    </div>
    <div
      class="bui-calendar-day-box"
    >
      <div
        class="bui-calendar-day"
      >
        23
      </div>
    </div>
    <div
      class="bui-calendar-day-box"
    >
      <div
        class="bui-calendar-day"
      >
        24
      </div>
    </div>
    <div
      class="bui-calendar-day-box"
    >
      <div
        class="bui-calendar-day"
      >
        25
      </div>
    </div>
    <div
      class="bui-calendar-day-box"
    >
      <div
        class="bui-calendar-day"
      >
        26
      </div>
    </div>
    <div
      class="bui-calendar-day-box"
    >
      <div
        class="bui-calendar-day"
      >
        27
      </div>
    </div>
    <div
      class="bui-calendar-day-box"
    >
      <div
        class="bui-calendar-day"
      >
        28
      </div>
    </div>
    <div
      class="bui-calendar-day-box"
    >
      <div
        class="bui-calendar-day"
      >
        29
      </div>
    </div>
    <div
      class="bui-calendar-day-box"
    >
      <div
        class="bui-calendar-day"
      >
        30
      </div>
    </div>
    <div
      class="bui-calendar-day-box"
    >
      <div
        class="bui-calendar-day bui-calendar-disabled"
      />
    </div>
    <div
      class="bui-calendar-day-box"
    >
      <div
        class="bui-calendar-day bui-calendar-disabled"
      />
    </div>
    <div
      class="bui-calendar-day-box"
    >
      <div
        class="bui-calendar-day bui-calendar-disabled"
      />
    </div>
    <div
      class="bui-calendar-day-box"
    >
      <div
        class="bui-calendar-day bui-calendar-disabled"
      />
    </div>
    <div
      class="bui-calendar-day-box"
    >
      <div
        class="bui-calendar-day bui-calendar-disabled"
      />
    </div>
    <div
      class="bui-calendar-day-box"
    >
      <div
        class="bui-calendar-day bui-calendar-disabled"
      />
    </div>
  </div>
</div>
`;

exports[`Calendar single mode should selected date by \`value\` property 1`] = `
<div
  class="bui-calendar"
  data-mode="single"
  data-selected="20230418"
>
  <div
    class="bui-calendar-handler"
  >
    <div
      class="bui-calendar-handler-btn"
    >
      <svg
        class="bui-svg-icon bui-calendar-handler-btn-icon"
        color="#cccccc"
        focusable="false"
        viewBox="0 0 96 96"
      >
        <path
          d="M37.9 46c-.2.1-.3.3-.5.5-.8 1.1-.6 2.6.5 3.4l17.3 13.5c.4.3.9.5 1.4.5 1.3 0 2.4-1.1 2.4-2.5V34.5c0-.5-.2-1.1-.5-1.5-.8-1.1-2.3-1.3-3.3-.5L37.9 46z"
        />
      </svg>
    </div>
    <div
      class="bui-calendar-handler-text"
    >
      2023/04
    </div>
    <div
      class="bui-calendar-handler-btn"
    >
      <svg
        class="bui-svg-icon bui-calendar-handler-btn-icon"
        focusable="false"
        viewBox="0 0 96 96"
      >
        <path
          d="M58.1 46c.2.1.3.3.5.5.8 1.1.6 2.6-.5 3.4L40.8 63.5c-.4.3-.9.5-1.4.5-1.3 0-2.4-1.1-2.4-2.5v-27c0-.5.2-1.1.5-1.5.8-1.1 2.3-1.3 3.3-.5L58.1 46z"
        />
      </svg>
    </div>
  </div>
  <div
    class="bui-calendar-week"
  >
    <div
      class="bui-calendar-week-item"
    >
      日
    </div>
    <div
      class="bui-calendar-week-item"
    >
      一
    </div>
    <div
      class="bui-calendar-week-item"
    >
      二
    </div>
    <div
      class="bui-calendar-week-item"
    >
      三
    </div>
    <div
      class="bui-calendar-week-item"
    >
      四
    </div>
    <div
      class="bui-calendar-week-item"
    >
      五
    </div>
    <div
      class="bui-calendar-week-item"
    >
      六
    </div>
  </div>
  <div
    class="bui-calendar-month"
  >
    <div
      class="bui-calendar-day-box"
    >
      <div
        class="bui-calendar-day bui-calendar-disabled"
      >
        26
      </div>
    </div>
    <div
      class="bui-calendar-day-box"
    >
      <div
        class="bui-calendar-day bui-calendar-disabled"
      >
        27
      </div>
    </div>
    <div
      class="bui-calendar-day-box"
    >
      <div
        class="bui-calendar-day bui-calendar-disabled"
      >
        28
      </div>
    </div>
    <div
      class="bui-calendar-day-box"
    >
      <div
        class="bui-calendar-day bui-calendar-disabled"
      >
        29
      </div>
    </div>
    <div
      class="bui-calendar-day-box"
    >
      <div
        class="bui-calendar-day bui-calendar-disabled"
      >
        30
      </div>
    </div>
    <div
      class="bui-calendar-day-box"
    >
      <div
        class="bui-calendar-day bui-calendar-disabled"
      >
        31
      </div>
    </div>
    <div
      class="bui-calendar-day-box"
    >
      <div
        class="bui-calendar-day"
      >
        1
      </div>
    </div>
    <div
      class="bui-calendar-day-box"
    >
      <div
        class="bui-calendar-day"
      >
        2
      </div>
    </div>
    <div
      class="bui-calendar-day-box"
    >
      <div
        class="bui-calendar-day"
      >
        3
      </div>
    </div>
    <div
      class="bui-calendar-day-box"
    >
      <div
        class="bui-calendar-day"
      >
        4
      </div>
    </div>
    <div
      class="bui-calendar-day-box"
    >
      <div
        class="bui-calendar-day"
      >
        5
      </div>
    </div>
    <div
      class="bui-calendar-day-box"
    >
      <div
        class="bui-calendar-day"
      >
        6
      </div>
    </div>
    <div
      class="bui-calendar-day-box"
    >
      <div
        class="bui-calendar-day"
      >
        7
      </div>
    </div>
    <div
      class="bui-calendar-day-box"
    >
      <div
        class="bui-calendar-day"
      >
        8
      </div>
    </div>
    <div
      class="bui-calendar-day-box"
    >
      <div
        class="bui-calendar-day"
      >
        9
      </div>
    </div>
    <div
      class="bui-calendar-day-box"
    >
      <div
        class="bui-calendar-day"
      >
        10
      </div>
    </div>
    <div
      class="bui-calendar-day-box"
    >
      <div
        class="bui-calendar-day"
      >
        11
      </div>
    </div>
    <div
      class="bui-calendar-day-box"
    >
      <div
        class="bui-calendar-day"
      >
        12
      </div>
    </div>
    <div
      class="bui-calendar-day-box"
    >
      <div
        class="bui-calendar-day"
      >
        13
      </div>
    </div>
    <div
      class="bui-calendar-day-box"
    >
      <div
        class="bui-calendar-day"
      >
        14
      </div>
    </div>
    <div
      class="bui-calendar-day-box"
    >
      <div
        class="bui-calendar-day"
      >
        15
      </div>
    </div>
    <div
      class="bui-calendar-day-box"
    >
      <div
        class="bui-calendar-day"
      >
        16
      </div>
    </div>
    <div
      class="bui-calendar-day-box"
    >
      <div
        class="bui-calendar-day"
      >
        17
      </div>
    </div>
    <div
      class="bui-calendar-day-box"
    >
      <div
        class="bui-calendar-day bui-calendar-start"
      >
        18
      </div>
    </div>
    <div
      class="bui-calendar-day-box"
    >
      <div
        class="bui-calendar-day"
      >
        19
      </div>
    </div>
    <div
      class="bui-calendar-day-box"
    >
      <div
        class="bui-calendar-day"
      >
        20
      </div>
    </div>
    <div
      class="bui-calendar-day-box"
    >
      <div
        class="bui-calendar-day"
      >
        21
      </div>
    </div>
    <div
      class="bui-calendar-day-box"
    >
      <div
        class="bui-calendar-day"
      >
        22
      </div>
    </div>
    <div
      class="bui-calendar-day-box"
    >
      <div
        class="bui-calendar-day"
      >
        23
      </div>
    </div>
    <div
      class="bui-calendar-day-box"
    >
      <div
        class="bui-calendar-day"
      >
        24
      </div>
    </div>
    <div
      class="bui-calendar-day-box"
    >
      <div
        class="bui-calendar-day"
      >
        25
      </div>
    </div>
    <div
      class="bui-calendar-day-box"
    >
      <div
        class="bui-calendar-day"
      >
        26
      </div>
    </div>
    <div
      class="bui-calendar-day-box"
    >
      <div
        class="bui-calendar-day"
      >
        27
      </div>
    </div>
    <div
      class="bui-calendar-day-box"
    >
      <div
        class="bui-calendar-day"
      >
        28
      </div>
    </div>
    <div
      class="bui-calendar-day-box"
    >
      <div
        class="bui-calendar-day"
      >
        29
      </div>
    </div>
    <div
      class="bui-calendar-day-box"
    >
      <div
        class="bui-calendar-day"
      >
        30
      </div>
    </div>
    <div
      class="bui-calendar-day-box"
    >
      <div
        class="bui-calendar-day bui-calendar-disabled"
      >
        1
      </div>
    </div>
    <div
      class="bui-calendar-day-box"
    >
      <div
        class="bui-calendar-day bui-calendar-disabled"
      >
        2
      </div>
    </div>
    <div
      class="bui-calendar-day-box"
    >
      <div
        class="bui-calendar-day bui-calendar-disabled"
      >
        3
      </div>
    </div>
    <div
      class="bui-calendar-day-box"
    >
      <div
        class="bui-calendar-day bui-calendar-disabled"
      >
        4
      </div>
    </div>
    <div
      class="bui-calendar-day-box"
    >
      <div
        class="bui-calendar-day bui-calendar-disabled"
      >
        5
      </div>
    </div>
    <div
      class="bui-calendar-day-box"
    >
      <div
        class="bui-calendar-day bui-calendar-disabled"
      >
        6
      </div>
    </div>
  </div>
</div>
`;
