// Jest Snapshot v1, https://goo.gl/fbAQLP

exports[`Button renders correctly 1`] = `
<button
  class="bui-btn bui-btn-outlined bui-btn-medium bui-btn-default"
  type="button"
>
  button
</button>
`;
