// Vitest Snapshot v1, https://vitest.dev/guide/snapshot.html

exports[`Theme Utilities > convertToCss > should convert style object to CSS string 1`] = `
":root, [data-color-mode='light'][data-theme] {
	--bui-color-primary: #1890ff;
	/* prettier-ignore */
	--bui-btn-font-size: 14PX;
 }"
`;

exports[`Theme Utilities convertToCss should convert style object to CSS string 1`] = `
":root, [data-color-mode='light'][data-theme] {
	--bui-color-primary: #1890ff;
	/* prettier-ignore */
	--bui-btn-font-size: 14PX;
 }"
`;
